Archive member included to satisfy reference by file (symbol)

c:/nxp/mcuxpressoide_10.3.0_2200/ide/plugins/com.nxp.mcuxpresso.tools.win32_10.3.0.201811011841/tools/bin/../lib/gcc/arm-none-eabi/7.3.1/../../../../arm-none-eabi/lib/thumb/v6-m\libcr_nohost_nf.a(_cr__main.o)
                              ./startup/startup_mkl25z4.o (__main)
c:/nxp/mcuxpressoide_10.3.0_2200/ide/plugins/com.nxp.mcuxpresso.tools.win32_10.3.0.201811011841/tools/bin/../lib/gcc/arm-none-eabi/7.3.1/../../../../arm-none-eabi/lib/thumb/v6-m\libcr_c.a(memcpy.o)
                              ./drivers/fsl_flash.o (memcpy)
c:/nxp/mcuxpressoide_10.3.0_2200/ide/plugins/com.nxp.mcuxpresso.tools.win32_10.3.0.201811011841/tools/bin/../lib/gcc/arm-none-eabi/7.3.1/../../../../arm-none-eabi/lib/thumb/v6-m\libcr_c.a(memset.o)
                              ./drivers/fsl_flash.o (memset)
c:/nxp/mcuxpressoide_10.3.0_2200/ide/plugins/com.nxp.mcuxpresso.tools.win32_10.3.0.201811011841/tools/bin/../lib/gcc/arm-none-eabi/7.3.1/../../../../arm-none-eabi/lib/thumb/v6-m\libcr_c.a(initio.o)
                              c:/nxp/mcuxpressoide_10.3.0_2200/ide/plugins/com.nxp.mcuxpresso.tools.win32_10.3.0.201811011841/tools/bin/../lib/gcc/arm-none-eabi/7.3.1/../../../../arm-none-eabi/lib/thumb/v6-m\libcr_nohost_nf.a(_cr__main.o) (_initio)
c:/nxp/mcuxpressoide_10.3.0_2200/ide/plugins/com.nxp.mcuxpresso.tools.win32_10.3.0.201811011841/tools/bin/../lib/gcc/arm-none-eabi/7.3.1/../../../../arm-none-eabi/lib/thumb/v6-m\libcr_c.a(setvbuf.o)
                              c:/nxp/mcuxpressoide_10.3.0_2200/ide/plugins/com.nxp.mcuxpresso.tools.win32_10.3.0.201811011841/tools/bin/../lib/gcc/arm-none-eabi/7.3.1/../../../../arm-none-eabi/lib/thumb/v6-m\libcr_c.a(initio.o) (setvbuf)
c:/nxp/mcuxpressoide_10.3.0_2200/ide/plugins/com.nxp.mcuxpresso.tools.win32_10.3.0.201811011841/tools/bin/../lib/gcc/arm-none-eabi/7.3.1/../../../../arm-none-eabi/lib/thumb/v6-m\libcr_c.a(strlen.o)
                              ./utilities/fsl_debug_console.o (strlen)
c:/nxp/mcuxpressoide_10.3.0_2200/ide/plugins/com.nxp.mcuxpresso.tools.win32_10.3.0.201811011841/tools/bin/../lib/gcc/arm-none-eabi/7.3.1/../../../../arm-none-eabi/lib/thumb/v6-m\libcr_c.a(_fdopen.o)
                              c:/nxp/mcuxpressoide_10.3.0_2200/ide/plugins/com.nxp.mcuxpresso.tools.win32_10.3.0.201811011841/tools/bin/../lib/gcc/arm-none-eabi/7.3.1/../../../../arm-none-eabi/lib/thumb/v6-m\libcr_c.a(initio.o) (_fdopen)
c:/nxp/mcuxpressoide_10.3.0_2200/ide/plugins/com.nxp.mcuxpresso.tools.win32_10.3.0.201811011841/tools/bin/../lib/gcc/arm-none-eabi/7.3.1/../../../../arm-none-eabi/lib/thumb/v6-m\libcr_c.a(fclose.o)
                              c:/nxp/mcuxpressoide_10.3.0_2200/ide/plugins/com.nxp.mcuxpresso.tools.win32_10.3.0.201811011841/tools/bin/../lib/gcc/arm-none-eabi/7.3.1/../../../../arm-none-eabi/lib/thumb/v6-m\libcr_c.a(initio.o) (fclose)
c:/nxp/mcuxpressoide_10.3.0_2200/ide/plugins/com.nxp.mcuxpresso.tools.win32_10.3.0.201811011841/tools/bin/../lib/gcc/arm-none-eabi/7.3.1/../../../../arm-none-eabi/lib/thumb/v6-m\libcr_c.a(fflush.o)
                              c:/nxp/mcuxpressoide_10.3.0_2200/ide/plugins/com.nxp.mcuxpresso.tools.win32_10.3.0.201811011841/tools/bin/../lib/gcc/arm-none-eabi/7.3.1/../../../../arm-none-eabi/lib/thumb/v6-m\libcr_c.a(fclose.o) (fflush)
c:/nxp/mcuxpressoide_10.3.0_2200/ide/plugins/com.nxp.mcuxpresso.tools.win32_10.3.0.201811011841/tools/bin/../lib/gcc/arm-none-eabi/7.3.1/../../../../arm-none-eabi/lib/thumb/v6-m\libcr_c.a(fseek.o)
                              c:/nxp/mcuxpressoide_10.3.0_2200/ide/plugins/com.nxp.mcuxpresso.tools.win32_10.3.0.201811011841/tools/bin/../lib/gcc/arm-none-eabi/7.3.1/../../../../arm-none-eabi/lib/thumb/v6-m\libcr_c.a(_fdopen.o) (fseek)
c:/nxp/mcuxpressoide_10.3.0_2200/ide/plugins/com.nxp.mcuxpresso.tools.win32_10.3.0.201811011841/tools/bin/../lib/gcc/arm-none-eabi/7.3.1/../../../../arm-none-eabi/lib/thumb/v6-m\libcr_c.a(ftell.o)
                              c:/nxp/mcuxpressoide_10.3.0_2200/ide/plugins/com.nxp.mcuxpresso.tools.win32_10.3.0.201811011841/tools/bin/../lib/gcc/arm-none-eabi/7.3.1/../../../../arm-none-eabi/lib/thumb/v6-m\libcr_c.a(fseek.o) (ftell)
c:/nxp/mcuxpressoide_10.3.0_2200/ide/plugins/com.nxp.mcuxpresso.tools.win32_10.3.0.201811011841/tools/bin/../lib/gcc/arm-none-eabi/7.3.1/../../../../arm-none-eabi/lib/thumb/v6-m\libcr_c.a(remove.o)
                              c:/nxp/mcuxpressoide_10.3.0_2200/ide/plugins/com.nxp.mcuxpresso.tools.win32_10.3.0.201811011841/tools/bin/../lib/gcc/arm-none-eabi/7.3.1/../../../../arm-none-eabi/lib/thumb/v6-m\libcr_c.a(fclose.o) (remove)
c:/nxp/mcuxpressoide_10.3.0_2200/ide/plugins/com.nxp.mcuxpresso.tools.win32_10.3.0.201811011841/tools/bin/../lib/gcc/arm-none-eabi/7.3.1/../../../../arm-none-eabi/lib/thumb/v6-m\libcr_c.a(_do_fflush.o)
[...]
Memory Configuration

Name             Origin             Length             Attributes
PROGRAM_FLASH    0x00000000         0x00020000         xr
SRAM             0x1ffff000         0x00004000         xrw
*default*        0x00000000         0xffffffff

Linker script and memory map

LOAD ./utilities/fsl_debug_console.o
LOAD ./startup/startup_mkl25z4.o
LOAD ./src/ADC0.o
LOAD ./src/dbfs.o
LOAD ./src/dma.o
LOAD ./src/main.o
LOAD ./src/mtb.o
LOAD ./src/semihost_hardfault.o
LOAD ./drivers/fsl_adc16.o
LOAD ./drivers/fsl_clock.o
LOAD ./drivers/fsl_common.o
LOAD ./drivers/fsl_flash.o
LOAD ./drivers/fsl_gpio.o
LOAD ./drivers/fsl_lpsci.o
LOAD ./drivers/fsl_smc.o
LOAD ./drivers/fsl_uart.o
LOAD ./board/board.o
LOAD ./board/clock_config.o
LOAD ./board/peripherals.o
LOAD ./board/pin_mux.o
LOAD ./CMSIS/system_MKL25Z4.o
START GROUP
LOAD c:/nxp/mcuxpressoide_10.3.0_2200/ide/plugins/com.nxp.mcuxpresso.tools.win32_10.3.0.201811011841/tools/bin/../lib/gcc/arm-none-eabi/7.3.1/../../../../arm-none-eabi/lib/thumb/v6-m\libcr_nohost_nf.a
LOAD c:/nxp/mcuxpressoide_10.3.0_2200/ide/plugins/com.nxp.mcuxpresso.tools.win32_10.3.0.201811011841/tools/bin/../lib/gcc/arm-none-eabi/7.3.1/../../../../arm-none-eabi/lib/thumb/v6-m\libcr_c.a
LOAD c:/nxp/mcuxpressoide_10.3.0_2200/ide/plugins/com.nxp.mcuxpresso.tools.win32_10.3.0.201811011841/tools/bin/../lib/gcc/arm-none-eabi/7.3.1/thumb/v6-m\libcr_eabihelpers.a
END GROUP
                0x00000000                __base_PROGRAM_FLASH = 0x0
                0x00000000                __base_Flash = 0x0
                0x00020000                __top_PROGRAM_FLASH = 0x20000
                0x00020000                __top_Flash = 0x20000
                0x1ffff000                __base_SRAM = 0x1ffff000
                0x1ffff000                __base_RAM = 0x1ffff000
                0x20003000                __top_SRAM = 0x20003000
                0x20003000                __top_RAM = 0x20003000

.text           0x00000000     0x3f74
 FILL mask 0xff
                0x00000000                __vectors_start__ = ABSOLUTE (.)
 *(SORT_BY_ALIGNMENT(.isr_vector))
 .isr_vector    0x00000000       0xc0 ./startup/startup_mkl25z4.o
                0x00000000                g_pfnVectors
                0x00000000                __Vectors
                0x000000c0                . = ALIGN (0x4)
                0x000000c0                __section_table_start = .
                0x000000c0                __data_section_table = .
                0x000000c0        0x4 LONG 0x3f74 LOADADDR (.data)
                0x000000c4        0x4 LONG 0x1ffff080 ADDR (.data)
                0x000000c8        0x4 LONG 0x8 SIZEOF (.data)
                0x000000cc                __data_section_table_end = .
                0x000000cc                __bss_section_table = .
                0x000000cc        0x4 LONG 0x1ffff088 ADDR (.bss)
                0x000000d0        0x4 LONG 0x1e8 SIZEOF (.bss)
                0x000000d4                __bss_section_table_end = .
                0x000000d4                __section_table_end = .
 *(SORT_BY_ALIGNMENT(.after_vectors*))
 .after_vectors.reset
                0x000000d4       0x4c ./startup/startup_mkl25z4.o
                0x000000d4                ResetISR
 .after_vectors.init_data
                0x00000120       0x16 ./startup/startup_mkl25z4.o
                0x00000120                data_init
 .after_vectors.init_bss
                0x00000136       0x12 ./startup/startup_mkl25z4.o
                0x00000136                bss_init
 .after_vectors
                0x00000148      0x10c ./startup/startup_mkl25z4.o
                0x00000148                NMI_Handler
                0x0000014c                SVC_Handler
                0x0000014e                PendSV_Handler
                0x00000150                SysTick_Handler
                0x00000152                LPTMR0_DriverIRQHandler
                0x00000152                Reserved39_DriverIRQHandler
                0x00000152                DMA0_DriverIRQHandler
                0x00000152                SPI1_DriverIRQHandler
                0x00000152                I2C0_DriverIRQHandler
                0x00000152                PORTD_DriverIRQHandler
                0x00000152                DMA2_DriverIRQHandler
                0x00000152                CMP0_DriverIRQHandler
                0x00000152                TPM2_DriverIRQHandler
                0x00000152                ADC0_DriverIRQHandler
                0x00000152                SPI0_DriverIRQHandler
                0x00000152                TSI0_DriverIRQHandler
                0x00000152                RTC_Seconds_DriverIRQHandler
                0x00000152                I2C1_DriverIRQHandler
                0x00000152                DMA1_DriverIRQHandler
                0x00000152                LLWU_DriverIRQHandler
                0x00000152                MCG_DriverIRQHandler
                0x00000152                PIT_DriverIRQHandler
                0x00000152                RTC_DriverIRQHandler
                0x00000152                TPM1_DriverIRQHandler
                0x00000152                FTFA_DriverIRQHandler
                0x00000152                IntDefaultHandler
                0x00000152                USB0_DriverIRQHandler
                0x00000152                DAC0_DriverIRQHandler
                0x00000152                PORTA_DriverIRQHandler
                0x00000152                LVD_LVW_DriverIRQHandler
                0x00000152                TPM0_DriverIRQHandler
                0x00000152                Reserved45_DriverIRQHandler
                0x00000152                Reserved20_DriverIRQHandler
                0x00000152                DMA3_DriverIRQHandler
                0x0000015c                DMA1_IRQHandler
                0x00000164                DMA2_IRQHandler
                0x0000016c                DMA3_IRQHandler
                0x00000174                Reserved20_IRQHandler
                0x0000017c                FTFA_IRQHandler
                0x00000184                LVD_LVW_IRQHandler
                0x0000018c                LLWU_IRQHandler
                0x00000194                I2C0_IRQHandler
                0x0000019c                I2C1_IRQHandler
                0x000001a4                SPI0_IRQHandler
                0x000001ac                SPI1_IRQHandler
                0x000001b4                UART0_IRQHandler
                0x000001bc                UART1_IRQHandler
                0x000001c4                UART2_IRQHandler
                0x000001cc                ADC0_IRQHandler
                0x000001d4                CMP0_IRQHandler
                0x000001dc                TPM0_IRQHandler
                0x000001e4                TPM1_IRQHandler
                0x000001ec                TPM2_IRQHandler
                0x000001f4                RTC_IRQHandler
                0x000001fc                RTC_Seconds_IRQHandler
                0x00000204                PIT_IRQHandler
                0x0000020c                Reserved39_IRQHandler
                0x00000214                USB0_IRQHandler
                0x0000021c                DAC0_IRQHandler
                0x00000224                TSI0_IRQHandler
                0x0000022c                MCG_IRQHandler
                0x00000234                LPTMR0_IRQHandler
                0x0000023c                Reserved45_IRQHandler
                0x00000244                PORTA_IRQHandler
                0x0000024c                PORTD_IRQHandler
                0x00000400                . = 0x400
 *fill*         0x00000254      0x1ac ff
                0x00000400                PROVIDE (__FLASH_CONFIG_START__ = .)
 *(SORT_BY_ALIGNMENT(.FlashConfig))
 .FlashConfig   0x00000400       0x10 ./startup/startup_mkl25z4.o
                0x00000400                Flash_Config
                0x00000410                PROVIDE (__FLASH_CONFIG_END__ = .)
                0x00000001                ASSERT (! ((__FLASH_CONFIG_START__ == __FLASH_CONFIG_END__)), Linker Flash Config Support Enabled, but no .FlashConfig section provided within application)
 *(SORT_BY_ALIGNMENT(.text*))
 .text.DbgConsole_Init
                0x00000410       0xf4 ./utilities/fsl_debug_console.o
                0x00000410                DbgConsole_Init
 .text.DbgConsole_Printf
                0x00000504       0x44 ./utilities/fsl_debug_console.o
                0x00000504                DbgConsole_Printf
 .text.DbgConsole_Putchar
                0x00000548       0x34 ./utilities/fsl_debug_console.o
                0x00000548                DbgConsole_Putchar
 .text.CLOCK_EnableClock
                0x0000057c       0x34 ./src/ADC0.o
 .text.PORT_SetPinMux
                0x000005b0       0x40 ./src/ADC0.o
 .text.ADC0_init
                0x000005f0       0xbc ./src/ADC0.o
                0x000005f0                ADC0_init
 .text.ADC0_read
                0x000006ac       0x54 ./src/ADC0.o
                0x000006ac                ADC0_read
 .text.get_log  0x00000700       0x58 ./src/dbfs.o
                0x00000700                get_log
 .text.NVIC_EnableIRQ
                0x00000758       0x2c ./src/dma.o
 .text.DMA_init
                0x00000784       0xd8 ./src/dma.o
                0x00000784                DMA_init
 .text.DMA0_IRQHandler
                0x0000085c       0x88 ./src/dma.o
                0x0000085c                DMA0_IRQHandler
 .text.main     0x000008e4      0x154 ./src/main.o
                0x000008e4                main
 .text.HardFault_Handler
                0x00000a38       0x30 ./src/semihost_hardfault.o
                0x00000a38                HardFault_Handler
 .text.CLOCK_EnableClock
                0x00000a68       0x34 ./drivers/fsl_adc16.o
 .text.ADC16_GetInstance
                0x00000a9c       0x48 ./drivers/fsl_adc16.o
 .text.ADC16_Init
                0x00000ae4      0x114 ./drivers/fsl_adc16.o
                0x00000ae4                ADC16_Init
 .text.ADC16_GetChannelStatusFlags
                0x00000bf8       0x40 ./drivers/fsl_adc16.o
                0x00000bf8                ADC16_GetChannelStatusFlags
 .text.CLOCK_SetEr32kClock
                0x00000c38       0x34 ./drivers/fsl_clock.o
 .text.CLOCK_SetPllFllSelClock
                0x00000c6c       0x38 ./drivers/fsl_clock.o
 .text.CLOCK_GetMcgExtClkFreq
                0x00000ca4       0x28 ./drivers/fsl_clock.o
 .text.CLOCK_GetFllExtRefClkFreq
                0x00000ccc       0xa4 ./drivers/fsl_clock.o
 .text.CLOCK_GetFllRefClkFreq
                0x00000d70       0x2c ./drivers/fsl_clock.o
 .text.CLOCK_GetOscRangeFromFreq
                0x00000d9c       0x4c ./drivers/fsl_clock.o
 .text.CLOCK_GetPllFllSelClkFreq
                0x00000de8       0x4c ./drivers/fsl_clock.o
                0x00000de8                CLOCK_GetPllFllSelClkFreq
 .text.CLOCK_SetSimConfig
                0x00000e34       0x38 ./drivers/fsl_clock.o
                0x00000e34                CLOCK_SetSimConfig
 .text.CLOCK_GetFllFreq
                0x00000e6c       0x84 ./drivers/fsl_clock.o
                0x00000e6c                CLOCK_GetFllFreq
 .text.CLOCK_GetPll0Freq
                0x00000ef0       0x70 ./drivers/fsl_clock.o
                0x00000ef0                CLOCK_GetPll0Freq
 .text.CLOCK_SetInternalRefClkConfig
                0x00000f60      0x128 ./drivers/fsl_clock.o
                0x00000f60                CLOCK_SetInternalRefClkConfig
 .text.CLOCK_EnablePll0
                0x00001088       0x90 ./drivers/fsl_clock.o
                0x00001088                CLOCK_EnablePll0
 .text.CLOCK_InitOsc0
                0x00001118       0x94 ./drivers/fsl_clock.o
                0x00001118                CLOCK_InitOsc0
 .text.CLOCK_SetPbeMode
                0x000011ac       0xb0 ./drivers/fsl_clock.o
                0x000011ac                CLOCK_SetPbeMode
 .text.CLOCK_BootToPeeMode
                0x0000125c       0x70 ./drivers/fsl_clock.o
                0x0000125c                CLOCK_BootToPeeMode
 .text.__assertion_failed
                0x000012cc       0x1c ./drivers/fsl_common.o
                0x000012cc                __assertion_failed
 .text.CLOCK_EnableClock
                0x000012e8       0x34 ./drivers/fsl_lpsci.o
 .text.LPSCI_GetInstance
                0x0000131c       0x48 ./drivers/fsl_lpsci.o
                0x0000131c                LPSCI_GetInstance
 .text.LPSCI_Init
                0x00001364      0x260 ./drivers/fsl_lpsci.o
                0x00001364                LPSCI_Init
 .text.LPSCI_GetDefaultConfig
                0x000015c4       0x44 ./drivers/fsl_lpsci.o
                0x000015c4                LPSCI_GetDefaultConfig
 .text.LPSCI_ClearStatusFlags
                0x00001608       0x94 ./drivers/fsl_lpsci.o
                0x00001608                LPSCI_ClearStatusFlags
 .text.LPSCI_WriteBlocking
                0x0000169c       0x4c ./drivers/fsl_lpsci.o
                0x0000169c                LPSCI_WriteBlocking
 .text.LPSCI_ReadBlocking
                0x000016e8       0xc0 ./drivers/fsl_lpsci.o
                0x000016e8                LPSCI_ReadBlocking
 .text.UART0_DriverIRQHandler
                0x000017a8       0x24 ./drivers/fsl_lpsci.o
                0x000017a8                UART0_DriverIRQHandler
 .text.CLOCK_EnableClock
                0x000017cc       0x34 ./drivers/fsl_uart.o
 .text.UART_GetInstance
                0x00001800       0x54 ./drivers/fsl_uart.o
                0x00001800                UART_GetInstance
 .text.UART_Init
                0x00001854      0x1e8 ./drivers/fsl_uart.o
                0x00001854                UART_Init
 .text.UART_GetDefaultConfig
                0x00001a3c       0x44 ./drivers/fsl_uart.o
                0x00001a3c                UART_GetDefaultConfig
 .text.UART_ReadBlocking
                0x00001a80       0x98 ./drivers/fsl_uart.o
                0x00001a80                UART_ReadBlocking
 .text.UART1_DriverIRQHandler
                0x00001b18       0x24 ./drivers/fsl_uart.o
                0x00001b18                UART1_DriverIRQHandler
 .text.UART2_DriverIRQHandler
                0x00001b3c       0x24 ./drivers/fsl_uart.o
                0x00001b3c                UART2_DriverIRQHandler
 .text.CLOCK_SetLpsci0Clock
                0x00001b60       0x38 ./board/board.o
 .text.BOARD_InitDebugConsole
                0x00001b98       0x30 ./board/board.o
                0x00001b98                BOARD_InitDebugConsole
 .text.CLOCK_SetSimSafeDivs
                0x00001bc8       0x20 ./board/clock_config.o
 .text.CLOCK_SetXtal0Freq
                0x00001be8       0x1c ./board/clock_config.o
 .text.CLOCK_CONFIG_SetFllExtRefDiv
                0x00001c04       0x3c ./board/clock_config.o
 .text.BOARD_BootClockRUN
                0x00001c40       0x64 ./board/clock_config.o
                0x00001c40                BOARD_BootClockRUN
 .text.CLOCK_EnableClock
                0x00001ca4       0x34 ./board/pin_mux.o
 .text.PORT_SetPinMux
                0x00001cd8       0x40 ./board/pin_mux.o
 .text.BOARD_InitPins
                0x00001d18       0x4c ./board/pin_mux.o
                0x00001d18                BOARD_InitPins
 .text.SystemInit
                0x00001d64       0x18 ./CMSIS/system_MKL25Z4.o
                0x00001d64                SystemInit
 .text._initio  0x00001d7c       0x7c c:/nxp/mcuxpressoide_10.3.0_2200/ide/plugins/com.nxp.mcuxpresso.tools.win32_10.3.0.201811011841/tools/bin/../lib/gcc/arm-none-eabi/7.3.1/../../../../arm-none-eabi/lib/thumb/v6-m\libcr_c.a(initio.o)
                0x00001d7c                _initio
 .text.setvbuf  0x00001df8       0x48 c:/nxp/mcuxpressoide_10.3.0_2200/ide/plugins/com.nxp.mcuxpresso.tools.win32_10.3.0.201811011841/tools/bin/../lib/gcc/arm-none-eabi/7.3.1/../../../../arm-none-eabi/lib/thumb/v6-m\libcr_c.a(setvbuf.o)
                0x00001df8                setvbuf
 .text.strlen   0x00001e40       0x58 c:/nxp/mcuxpressoide_10.3.0_2200/ide/plugins/com.nxp.mcuxpresso.tools.win32_10.3.0.201811011841/tools/bin/../lib/gcc/arm-none-eabi/7.3.1/../../../../arm-none-eabi/lib/thumb/v6-m\libcr_c.a(strlen.o)
                0x00001e40                strlen
 .text._fdopen  0x00001e98       0x74 c:/nxp/mcuxpressoide_10.3.0_2200/ide/plugins/com.nxp.mcuxpresso.tools.win32_10.3.0.201811011841/tools/bin/../lib/gcc/arm-none-eabi/7.3.1/../../../../arm-none-eabi/lib/thumb/v6-m\libcr_c.a(_fdopen.o)
                0x00001e98                _fdopen
 .text.fclose   0x00001f0c       0x5c c:/nxp/mcuxpressoide_10.3.0_2200/ide/plugins/com.nxp.mcuxpresso.tools.win32_10.3.0.201811011841/tools/bin/../lib/gcc/arm-none-eabi/7.3.1/../../../../arm-none-eabi/lib/thumb/v6-m\libcr_c.a(fclose.o)
                0x00001f0c                fclose
 .text.fflush   0x00001f68       0x44 c:/nxp/mcuxpressoide_10.3.0_2200/ide/plugins/com.nxp.mcuxpresso.tools.win32_10.3.0.201811011841/tools/bin/../lib/gcc/arm-none-eabi/7.3.1/../../../../arm-none-eabi/lib/thumb/v6-m\libcr_c.a(fflush.o)
                0x00001f68                fflush
 .text.fseek    0x00001fac       0xf0 c:/nxp/mcuxpressoide_10.3.0_2200/ide/plugins/com.nxp.mcuxpresso.tools.win32_10.3.0.201811011841/tools/bin/../lib/gcc/arm-none-eabi/7.3.1/../../../../arm-none-eabi/lib/thumb/v6-m\libcr_c.a(fseek.o)
                0x00001fac                fseek
 .text.ftell    0x0000209c       0x48 c:/nxp/mcuxpressoide_10.3.0_2200/ide/plugins/com.nxp.mcuxpresso.tools.win32_10.3.0.201811011841/tools/bin/../lib/gcc/arm-none-eabi/7.3.1/../../../../arm-none-eabi/lib/thumb/v6-m\libcr_c.a(ftell.o)
                0x0000209c                ftell
 .text._do_fflush
                0x000020e4       0x44 c:/nxp/mcuxpressoide_10.3.0_2200/ide/plugins/com.nxp.mcuxpresso.tools.win32_10.3.0.201811011841/tools/bin/../lib/gcc/arm-none-eabi/7.3.1/../../../../arm-none-eabi/lib/thumb/v6-m\libcr_c.a(_do_fflush.o)
                0x000020e4                _do_fflush
 .text._fflush  0x00002128       0x5c c:/nxp/mcuxpressoide_10.3.0_2200/ide/plugins/com.nxp.mcuxpresso.tools.win32_10.3.0.201811011841/tools/bin/../lib/gcc/arm-none-eabi/7.3.1/../../../../arm-none-eabi/lib/thumb/v6-m\libcr_c.a(_fflush.o)
                0x00002128                _fflush
 .text._Cwritebuf
                0x00002184       0x68 c:/nxp/mcuxpressoide_10.3.0_2200/ide/plugins/com.nxp.mcuxpresso.tools.win32_10.3.0.201811011841/tools/bin/../lib/gcc/arm-none-eabi/7.3.1/../../../../arm-none-eabi/lib/thumb/v6-m\libcr_c.a(_writebuf.o)
                0x00002184                _Cwritebuf
 .text._deferredlazyseek
                0x000021ec       0x40 c:/nxp/mcuxpressoide_10.3.0_2200/ide/plugins/com.nxp.mcuxpresso.tools.win32_10.3.0.201811011841/tools/bin/../lib/gcc/arm-none-eabi/7.3.1/../../../../arm-none-eabi/lib/thumb/v6-m\libcr_c.a(_deferredlazyseek.o)
                0x000021ec                _deferredlazyseek
 .text.UART_EnableTx
                0x0000222c       0x40 ./utilities/fsl_debug_console.o
 .text.UART_EnableRx
                0x0000226c       0x40 ./utilities/fsl_debug_console.o
 .text.LPSCI_EnableTx
                0x000022ac       0x40 ./utilities/fsl_debug_console.o
 .text.LPSCI_EnableRx
                0x000022ec       0x40 ./utilities/fsl_debug_console.o
 .text.DbgConsole_PrintfPaddingCharacter
                0x0000232c       0x46 ./utilities/fsl_debug_console.o
 .text.DbgConsole_ConvertRadixNumToString
                0x00002372      0x114 ./utilities/fsl_debug_console.o
 .text.DbgConsole_PrintfFormattedData
                0x00002486      0x32c ./utilities/fsl_debug_console.o
 .text.ADC16_EnableHardwareTrigger
                0x000027b2       0x3a ./src/ADC0.o
 .text.ADC16_DoAutoCalibration
                0x000027ec      0x11a ./drivers/fsl_adc16.o
                0x000027ec                ADC16_DoAutoCalibration
 .text.ADC16_GetStatusFlags
                0x00002906       0x3a ./drivers/fsl_adc16.o
                0x00002906                ADC16_GetStatusFlags
 .text.OSC_SetExtRefClkConfig
                0x00002940       0x3e ./drivers/fsl_clock.o
 .text.OSC_SetCapLoad
                0x0000297e       0x42 ./drivers/fsl_clock.o
 .text.CLOCK_GetPll0RefFreq
                0x000029c0       0x10 ./drivers/fsl_clock.o
 .text.CLOCK_SetExternalRefClkConfig
                0x000029d0       0x16 ./drivers/fsl_clock.o
                0x000029d0                CLOCK_SetExternalRefClkConfig
 .text.LPSCI_GetStatusFlags
                0x000029e6       0x26 ./drivers/fsl_lpsci.o
                0x000029e6                LPSCI_GetStatusFlags
 .text.UART_GetStatusFlags
                0x00002a0c       0x26 ./drivers/fsl_uart.o
                0x00002a0c                UART_GetStatusFlags
 .text.UART_WriteBlocking
                0x00002a32       0x3a ./drivers/fsl_uart.o
                0x00002a32                UART_WriteBlocking
 .text.__main   0x00002a6c        0xc c:/nxp/mcuxpressoide_10.3.0_2200/ide/plugins/com.nxp.mcuxpresso.tools.win32_10.3.0.201811011841/tools/bin/../lib/gcc/arm-none-eabi/7.3.1/../../../../arm-none-eabi/lib/thumb/v6-m\libcr_nohost_nf.a(_cr__main.o)
                0x00002a6c                __main
 .text.memset   0x00002a78        0x8 c:/nxp/mcuxpressoide_10.3.0_2200/ide/plugins/com.nxp.mcuxpresso.tools.win32_10.3.0.201811011841/tools/bin/../lib/gcc/arm-none-eabi/7.3.1/../../../../arm-none-eabi/lib/thumb/v6-m\libcr_c.a(memset.o)
                0x00002a78                memset
 .text.remove   0x00002a80       0x12 c:/nxp/mcuxpressoide_10.3.0_2200/ide/plugins/com.nxp.mcuxpresso.tools.win32_10.3.0.201811011841/tools/bin/../lib/gcc/arm-none-eabi/7.3.1/../../../../arm-none-eabi/lib/thumb/v6-m\libcr_c.a(remove.o)
                0x00002a80                remove
 .text.free     0x00002a92       0x2c c:/nxp/mcuxpressoide_10.3.0_2200/ide/plugins/com.nxp.mcuxpresso.tools.win32_10.3.0.201811011841/tools/bin/../lib/gcc/arm-none-eabi/7.3.1/../../../../arm-none-eabi/lib/thumb/v6-m\libcr_c.a(alloc.o)
                0x00002a92                free
 .text.__aeabi_division_idivmod
                0x00002abe       0x78 c:/nxp/mcuxpressoide_10.3.0_2200/ide/plugins/com.nxp.mcuxpresso.tools.win32_10.3.0.201811011841/tools/bin/../lib/gcc/arm-none-eabi/7.3.1/thumb/v6-m\libcr_eabihelpers.a(division_32.o)
                0x00002abe                __aeabi_idivmod
                0x00002abe                __aeabi_idiv
                0x00002ac4                __aeabi_uidivmod
                0x00002ac4                __aeabi_uidiv
 .text.__aeabi_division_idiv0
                0x00002b36        0x2 c:/nxp/mcuxpressoide_10.3.0_2200/ide/plugins/com.nxp.mcuxpresso.tools.win32_10.3.0.201811011841/tools/bin/../lib/gcc/arm-none-eabi/7.3.1/thumb/v6-m\libcr_eabihelpers.a(division_idiv0.o)
                0x00002b36                __aeabi_idiv0
 .text.__aeabi_memset_lowlevel
                0x00002b38       0x2a c:/nxp/mcuxpressoide_10.3.0_2200/ide/plugins/com.nxp.mcuxpresso.tools.win32_10.3.0.201811011841/tools/bin/../lib/gcc/arm-none-eabi/7.3.1/thumb/v6-m\libcr_eabihelpers.a(memcpy.o)
                0x00002b38                __aeabi_lowlevel_memset
 .text.__sys_close
                0x00002b62        0x6 c:/nxp/mcuxpressoide_10.3.0_2200/ide/plugins/com.nxp.mcuxpresso.tools.win32_10.3.0.201811011841/tools/bin/../lib/gcc/arm-none-eabi/7.3.1/../../../../arm-none-eabi/lib/thumb/v6-m\libcr_nohost_nf.a(__sys_close.o)
                0x00002b62                __sys_close
 .text.__sys_flen
                0x00002b68        0x6 c:/nxp/mcuxpressoide_10.3.0_2200/ide/plugins/com.nxp.mcuxpresso.tools.win32_10.3.0.201811011841/tools/bin/../lib/gcc/arm-none-eabi/7.3.1/../../../../arm-none-eabi/lib/thumb/v6-m\libcr_nohost_nf.a(__sys_flen.o)
                0x00002b68                __sys_flen
 .text.__sys_istty
                0x00002b6e        0x6 c:/nxp/mcuxpressoide_10.3.0_2200/ide/plugins/com.nxp.mcuxpresso.tools.win32_10.3.0.201811011841/tools/bin/../lib/gcc/arm-none-eabi/7.3.1/../../../../arm-none-eabi/lib/thumb/v6-m\libcr_nohost_nf.a(__sys_istty.o)
                0x00002b6e                __sys_istty
 .text.__sys_remove
                0x00002b74        0x6 c:/nxp/mcuxpressoide_10.3.0_2200/ide/plugins/com.nxp.mcuxpresso.tools.win32_10.3.0.201811011841/tools/bin/../lib/gcc/arm-none-eabi/7.3.1/../../../../arm-none-eabi/lib/thumb/v6-m\libcr_nohost_nf.a(__sys_remove.o)
                0x00002b74                __sys_remove
 .text.__sys_seek
                0x00002b7a        0x6 c:/nxp/mcuxpressoide_10.3.0_2200/ide/plugins/com.nxp.mcuxpresso.tools.win32_10.3.0.201811011841/tools/bin/../lib/gcc/arm-none-eabi/7.3.1/../../../../arm-none-eabi/lib/thumb/v6-m\libcr_nohost_nf.a(__sys_seek.o)
                0x00002b7a                __sys_seek
 .text.__sys_tmpnam
                0x00002b80        0x6 c:/nxp/mcuxpressoide_10.3.0_2200/ide/plugins/com.nxp.mcuxpresso.tools.win32_10.3.0.201811011841/tools/bin/../lib/gcc/arm-none-eabi/7.3.1/../../../../arm-none-eabi/lib/thumb/v6-m\libcr_nohost_nf.a(__sys_tmpnam.o)
                0x00002b80                __sys_tmpnam
 .text.__sys_write
                0x00002b86        0x4 c:/nxp/mcuxpressoide_10.3.0_2200/ide/plugins/com.nxp.mcuxpresso.tools.win32_10.3.0.201811011841/tools/bin/../lib/gcc/arm-none-eabi/7.3.1/../../../../arm-none-eabi/lib/thumb/v6-m\libcr_nohost_nf.a(__sys_write.o)
                0x00002b86                __sys_write
 *(SORT_BY_ALIGNMENT(.rodata) SORT_BY_ALIGNMENT(.rodata.*) SORT_BY_ALIGNMENT(.constdata) SORT_BY_ALIGNMENT(.constdata.*))
 *fill*         0x00002b8a        0x2 ff
 .rodata.dbfs   0x00002b8c      0x7d4 ./src/dbfs.o
 .rodata        0x00003360       0x80 ./src/main.o
 .rodata        0x000033e0      0x13a ./drivers/fsl_adc16.o
 *fill*         0x0000351a        0x2 ff
 .rodata        0x0000351c      0x11d ./drivers/fsl_clock.o
 *fill*         0x00003639        0x3 ff
 .rodata.fllFactorTable.5188
                0x0000363c       0x10 ./drivers/fsl_clock.o
 .rodata        0x0000364c        0x4 ./drivers/fsl_common.o
 .rodata        0x00003650      0x48c ./drivers/fsl_lpsci.o
 .rodata.s_uartBases
                0x00003adc        0xc ./drivers/fsl_uart.o
 .rodata.s_uartClock
                0x00003ae8        0xc ./drivers/fsl_uart.o
 .rodata        0x00003af4      0x45b ./drivers/fsl_uart.o
 *fill*         0x00003f4f        0x1 ff
 .rodata.mcgConfig_BOARD_BootClockRUN
                0x00003f50        0xa ./board/clock_config.o
                0x00003f50                mcgConfig_BOARD_BootClockRUN
 *fill*         0x00003f5a        0x2 ff
 .rodata.simConfig_BOARD_BootClockRUN
                0x00003f5c        0x8 ./board/clock_config.o
                0x00003f5c                simConfig_BOARD_BootClockRUN
 .rodata.oscConfig_BOARD_BootClockRUN
                0x00003f64        0x8 ./board/clock_config.o
                0x00003f64                oscConfig_BOARD_BootClockRUN
 .rodata.__num_Ciob_streams
                0x00003f6c        0x4 c:/nxp/mcuxpressoide_10.3.0_2200/ide/plugins/com.nxp.mcuxpresso.tools.win32_10.3.0.201811011841/tools/bin/../lib/gcc/arm-none-eabi/7.3.1/../../../../arm-none-eabi/lib/thumb/v6-m\libcr_nohost_nf.a(__ciob.o)
                0x00003f6c                __num_Ciob_streams
 .rodata._initio.str1.1
                0x00003f70        0x4 c:/nxp/mcuxpressoide_10.3.0_2200/ide/plugins/com.nxp.mcuxpresso.tools.win32_10.3.0.201811011841/tools/bin/../lib/gcc/arm-none-eabi/7.3.1/../../../../arm-none-eabi/lib/thumb/v6-m\libcr_c.a(initio.o)
                0x00003f74                . = ALIGN (0x4)

.glue_7         0x00003f74        0x0
 .glue_7        0x00003f74        0x0 linker stubs

.glue_7t        0x00003f74        0x0
 .glue_7t       0x00003f74        0x0 linker stubs

.vfp11_veneer   0x00003f74        0x0
 .vfp11_veneer  0x00003f74        0x0 linker stubs

.v4_bx          0x00003f74        0x0
 .v4_bx         0x00003f74        0x0 linker stubs

.iplt           0x00003f74        0x0
 .iplt          0x00003f74        0x0 ./utilities/fsl_debug_console.o

.rel.dyn        0x00003f74        0x0
 .rel.iplt      0x00003f74        0x0 ./utilities/fsl_debug_console.o

.ARM.extab
 *(SORT_BY_ALIGNMENT(.ARM.extab*) SORT_BY_ALIGNMENT(.gnu.linkonce.armextab.*))
                0x00003f74                __exidx_start = .

.ARM.exidx
 *(SORT_BY_ALIGNMENT(.ARM.exidx*) SORT_BY_ALIGNMENT(.gnu.linkonce.armexidx.*))
                0x00003f74                __exidx_end = .
                0x00003f74                _etext = .

.m_usb_data
 *(SORT_BY_ALIGNMENT(m_usb_bdt))

.mtb_buffer_default
                0x1ffff000       0x80
 *(SORT_BY_ALIGNMENT(.mtb*))
 .mtb.$RAM1     0x1ffff000       0x80 ./src/mtb.o
                0x1ffff000                __mtb_buffer__

.uninit_RESERVED
                0x1ffff080        0x0
 *(SORT_BY_ALIGNMENT(.bss.$RESERVED*))
                0x1ffff080                . = ALIGN (0x4)
                0x1ffff080                _end_uninit_RESERVED = .

.data           0x1ffff080        0x8 load address 0x00003f74
 FILL mask 0xff
                0x1ffff080                _data = .
 *(SORT_BY_ALIGNMENT(vtable))
 *(SORT_BY_ALIGNMENT(.ramfunc*))
 *(SORT_BY_ALIGNMENT(.data*))
 .data.s_slowIrcFreq
                0x1ffff080        0x4 ./drivers/fsl_clock.o
 .data.SystemCoreClock
                0x1ffff084        0x4 ./CMSIS/system_MKL25Z4.o
                0x1ffff084                SystemCoreClock
                0x1ffff088                . = ALIGN (0x4)
                0x1ffff088                _edata = .

.igot.plt       0x1ffff088        0x0 load address 0x00003f7c
 .igot.plt      0x1ffff088        0x0 ./utilities/fsl_debug_console.o

.bss            0x1ffff088      0x1e8 load address 0x00003f7c
                0x1ffff088                _bss = .
 *(SORT_BY_ALIGNMENT(.bss*))
 .bss.s_debugConsole
                0x1ffff088       0x10 ./utilities/fsl_debug_console.o
 .bss.arr       0x1ffff098      0x100 ./src/dma.o
                0x1ffff098                arr
 .bss.g_xtal0Freq
                0x1ffff198        0x4 ./drivers/fsl_clock.o
                0x1ffff198                g_xtal0Freq
 .bss.s_lpsciHandle
                0x1ffff19c        0x4 ./drivers/fsl_lpsci.o
 .bss.s_lpsciIsr
                0x1ffff1a0        0x4 ./drivers/fsl_lpsci.o
 .bss.s_uartHandle
                0x1ffff1a4        0xc ./drivers/fsl_uart.o
 .bss.s_uartIsr
                0x1ffff1b0        0x4 ./drivers/fsl_uart.o
 .bss.errno     0x1ffff1b4        0x4 c:/nxp/mcuxpressoide_10.3.0_2200/ide/plugins/com.nxp.mcuxpresso.tools.win32_10.3.0.201811011841/tools/bin/../lib/gcc/arm-none-eabi/7.3.1/../../../../arm-none-eabi/lib/thumb/v6-m\libcr_c.a(errno.o)
                0x1ffff1b4                errno
 .bss.__Ciob    0x1ffff1b8       0xb4 c:/nxp/mcuxpressoide_10.3.0_2200/ide/plugins/com.nxp.mcuxpresso.tools.win32_10.3.0.201811011841/tools/bin/../lib/gcc/arm-none-eabi/7.3.1/../../../../arm-none-eabi/lib/thumb/v6-m\libcr_nohost_nf.a(__ciob.o)
                0x1ffff1b8                __Ciob
 .bss.arr_sel   0x1ffff26c        0x1 ./src/dma.o
                0x1ffff26c                arr_sel
 *(SORT_BY_ALIGNMENT(COMMON))
                0x1ffff270                . = ALIGN (0x4)
 *fill*         0x1ffff26d        0x3 
                0x1ffff270                _ebss = .
                [!provide]                PROVIDE (end = .)

.noinit         0x1ffff270        0x0 load address 0x00003f7c
                0x1ffff270                _noinit = .
 *(SORT_BY_ALIGNMENT(.noinit*))
                0x1ffff270                . = ALIGN (0x4)
                0x1ffff270                _end_noinit = .
                0x00000400                _HeapSize = 0x400

.heap           0x1ffff270      0x400 load address 0x00003f7c
                0x1ffff270                _pvHeapStart = .
                0x1ffff670                . = (. + _HeapSize)
 *fill*         0x1ffff270      0x400 
                0x1ffff670                . = ALIGN (0x4)
                0x1ffff670                _pvHeapLimit = .
                0x00000400                _StackSize = 0x400

.heap2stackfill
                0x1ffff670      0x400 load address 0x00003f7c
                0x1ffffa70                . = (. + _StackSize)
 *fill*         0x1ffff670      0x400 

.stack          0x20002c00        0x0
                0x20002c00                _vStackBase = .
                0x20002c00                . = ALIGN (0x4)
                0x20003000                _vStackTop = (. + _StackSize)
                0x00000000                _image_start = LOADADDR (.text)
                0x00003f7c                _image_end = (LOADADDR (.data) + SIZEOF (.data))
                0x00003f7c                _image_size = (_image_end - _image_start)
OUTPUT(Project3_1.axf elf32-littlearm)

.debug_info     0x00000000     0x9724
 .debug_info    0x00000000      0xde1 ./utilities/fsl_debug_console.o
 .debug_info    0x00000de1      0x49b ./startup/startup_mkl25z4.o
 .debug_info    0x0000127c      0xa5b ./src/ADC0.o
 .debug_info    0x00001cd7      0x172 ./src/dbfs.o
 .debug_info    0x00001e49      0x82d ./src/dma.o
 .debug_info    0x00002676      0x548 ./src/main.o
 .debug_info    0x00002bbe       0x52 ./src/mtb.o
 .debug_info    0x00002c10       0x3b ./src/semihost_hardfault.o
 .debug_info    0x00002c4b      0xc1a ./drivers/fsl_adc16.o
 .debug_info    0x00003865     0x1962 ./drivers/fsl_clock.o
 .debug_info    0x000051c7      0x422 ./drivers/fsl_common.o
 .debug_info    0x000055e9     0x138c ./drivers/fsl_lpsci.o
 .debug_info    0x00006975     0x1336 ./drivers/fsl_uart.o
 .debug_info    0x00007cab      0x696 ./board/board.o
 .debug_info    0x00008341      0xa7b ./board/clock_config.o
 .debug_info    0x00008dbc      0x56a ./board/pin_mux.o
 .debug_info    0x00009326      0x3fe ./CMSIS/system_MKL25Z4.o

.debug_abbrev   0x00000000     0x1e77
 .debug_abbrev  0x00000000      0x294 ./utilities/fsl_debug_console.o
 .debug_abbrev  0x00000294      0x16d ./startup/startup_mkl25z4.o
 .debug_abbrev  0x00000401      0x214 ./src/ADC0.o
 .debug_abbrev  0x00000615      0x109 ./src/dbfs.o
 .debug_abbrev  0x0000071e      0x1dc ./src/dma.o
 .debug_abbrev  0x000008fa      0x147 ./src/main.o
 .debug_abbrev  0x00000a41       0x44 ./src/mtb.o
 .debug_abbrev  0x00000a85       0x2f ./src/semihost_hardfault.o
 .debug_abbrev  0x00000ab4      0x26e ./drivers/fsl_adc16.o
 .debug_abbrev  0x00000d22      0x329 ./drivers/fsl_clock.o
 .debug_abbrev  0x0000104b      0x24a ./drivers/fsl_common.o
 .debug_abbrev  0x00001295      0x2cd ./drivers/fsl_lpsci.o
 .debug_abbrev  0x00001562      0x2e5 ./drivers/fsl_uart.o
 .debug_abbrev  0x00001847      0x167 ./board/board.o
 .debug_abbrev  0x000019ae      0x1f4 ./board/clock_config.o
 .debug_abbrev  0x00001ba2      0x199 ./board/pin_mux.o
 .debug_abbrev  0x00001d3b      0x13c ./CMSIS/system_MKL25Z4.o

.debug_aranges  0x00000000      0x898
 .debug_aranges
                0x00000000       0x90 ./utilities/fsl_debug_console.o
 .debug_aranges
                0x00000090      0x160 ./startup/startup_mkl25z4.o
 .debug_aranges
                0x000001f0       0x40 ./src/ADC0.o
 .debug_aranges
                0x00000230       0x20 ./src/dbfs.o
 .debug_aranges
                0x00000250       0x30 ./src/dma.o
 .debug_aranges
                0x00000280       0x20 ./src/main.o
 .debug_aranges
                0x000002a0       0x18 ./src/mtb.o
 .debug_aranges
                0x000002b8       0x20 ./src/semihost_hardfault.o
 .debug_aranges
                0x000002d8       0x88 ./drivers/fsl_adc16.o
 .debug_aranges
                0x00000360      0x1d8 ./drivers/fsl_clock.o
 .debug_aranges
                0x00000538       0x38 ./drivers/fsl_common.o
 .debug_aranges
                0x00000570      0x118 ./drivers/fsl_lpsci.o
 .debug_aranges
                0x00000688      0x130 ./drivers/fsl_uart.o
 .debug_aranges
                0x000007b8       0x28 ./board/board.o
 .debug_aranges
                0x000007e0       0x58 ./board/clock_config.o
 .debug_aranges
                0x00000838       0x38 ./board/pin_mux.o
 .debug_aranges
                0x00000870       0x28 ./CMSIS/system_MKL25Z4.o

.debug_ranges   0x00000000      0x780
 .debug_ranges  0x00000000       0x80 ./utilities/fsl_debug_console.o
 .debug_ranges  0x00000080      0x150 ./startup/startup_mkl25z4.o
 .debug_ranges  0x000001d0       0x30 ./src/ADC0.o
 .debug_ranges  0x00000200       0x10 ./src/dbfs.o
 .debug_ranges  0x00000210       0x20 ./src/dma.o
 .debug_ranges  0x00000230       0x10 ./src/main.o
 .debug_ranges  0x00000240       0x10 ./src/semihost_hardfault.o
 .debug_ranges  0x00000250       0x78 ./drivers/fsl_adc16.o
 .debug_ranges  0x000002c8      0x1c8 ./drivers/fsl_clock.o
 .debug_ranges  0x00000490       0x28 ./drivers/fsl_common.o
 .debug_ranges  0x000004b8      0x108 ./drivers/fsl_lpsci.o
 .debug_ranges  0x000005c0      0x120 ./drivers/fsl_uart.o
 .debug_ranges  0x000006e0       0x18 ./board/board.o
 .debug_ranges  0x000006f8       0x48 ./board/clock_config.o
 .debug_ranges  0x00000740       0x28 ./board/pin_mux.o
 .debug_ranges  0x00000768       0x18 ./CMSIS/system_MKL25Z4.o

.debug_macro    0x00000000     0x8ee7
 .debug_macro   0x00000000      0x127 ./utilities/fsl_debug_console.o
 .debug_macro   0x00000127      0xa7e ./utilities/fsl_debug_console.o
 .debug_macro   0x00000ba5       0x10 ./utilities/fsl_debug_console.o
 .debug_macro   0x00000bb5       0x16 ./utilities/fsl_debug_console.o
 .debug_macro   0x00000bcb       0x10 ./utilities/fsl_debug_console.o
 .debug_macro   0x00000bdb      0x12d ./utilities/fsl_debug_console.o
 .debug_macro   0x00000d08       0x28 ./utilities/fsl_debug_console.o
 .debug_macro   0x00000d30       0xc4 ./utilities/fsl_debug_console.o
 .debug_macro   0x00000df4       0x16 ./utilities/fsl_debug_console.o
 .debug_macro   0x00000e0a       0x22 ./utilities/fsl_debug_console.o
 .debug_macro   0x00000e2c      0x5b2 ./utilities/fsl_debug_console.o
 .debug_macro   0x000013de       0x10 ./utilities/fsl_debug_console.o
 .debug_macro   0x000013ee       0x3f ./utilities/fsl_debug_console.o
 .debug_macro   0x0000142d       0x3a ./utilities/fsl_debug_console.o
 .debug_macro   0x00001467       0x26 ./utilities/fsl_debug_console.o
 .debug_macro   0x0000148d      0x329 ./utilities/fsl_debug_console.o
 .debug_macro   0x000017b6       0x30 ./utilities/fsl_debug_console.o
 .debug_macro   0x000017e6     0x51e2 ./utilities/fsl_debug_console.o
 .debug_macro   0x000069c8     0x1352 ./utilities/fsl_debug_console.o
 .debug_macro   0x00007d1a       0x3a ./utilities/fsl_debug_console.o
 .debug_macro   0x00007d54       0xf4 ./utilities/fsl_debug_console.o
 .debug_macro   0x00007e48       0x35 ./utilities/fsl_debug_console.o
 .debug_macro   0x00007e7d       0x2e ./utilities/fsl_debug_console.o
 .debug_macro   0x00007eab       0x10 ./utilities/fsl_debug_console.o
 .debug_macro   0x00007ebb       0x10 ./utilities/fsl_debug_console.o
 .debug_macro   0x00007ecb       0x29 ./startup/startup_mkl25z4.o
 .debug_macro   0x00007ef4      0x104 ./src/ADC0.o
 .debug_macro   0x00007ff8       0x10 ./src/ADC0.o
 .debug_macro   0x00008008       0x10 ./src/ADC0.o
 .debug_macro   0x00008018       0x46 ./src/dbfs.o
 .debug_macro   0x0000805e       0x91 ./src/dma.o
 .debug_macro   0x000080ef       0x16 ./src/dma.o
 .debug_macro   0x00008105      0x165 ./src/main.o
 .debug_macro   0x0000826a       0xd8 ./src/main.o
 .debug_macro   0x00008342       0x1c ./src/main.o
 .debug_macro   0x0000835e       0x10 ./src/main.o
 .debug_macro   0x0000836e      0x112 ./src/main.o
 .debug_macro   0x00008480       0x10 ./src/main.o
 .debug_macro   0x00008490       0x2f ./src/mtb.o
 .debug_macro   0x000084bf       0x82 ./src/mtb.o
 .debug_macro   0x00008541       0x10 ./src/mtb.o
 .debug_macro   0x00008551       0x11 ./src/semihost_hardfault.o
 .debug_macro   0x00008562       0xec ./drivers/fsl_adc16.o
 .debug_macro   0x0000864e       0x1c ./drivers/fsl_adc16.o
 .debug_macro   0x0000866a      0x196 ./drivers/fsl_clock.o
 .debug_macro   0x00008800       0xef ./drivers/fsl_common.o
 .debug_macro   0x000088ef       0xec ./drivers/fsl_lpsci.o
 .debug_macro   0x000089db       0xf2 ./drivers/fsl_uart.o
 .debug_macro   0x00008acd      0x112 ./board/board.o
 .debug_macro   0x00008bdf       0x16 ./board/board.o
 .debug_macro   0x00008bf5       0x34 ./board/board.o
 .debug_macro   0x00008c29      0x123 ./board/clock_config.o
 .debug_macro   0x00008d4c      0x107 ./board/pin_mux.o
 .debug_macro   0x00008e53       0x94 ./CMSIS/system_MKL25Z4.o

.debug_line     0x00000000     0x3e95
 .debug_line    0x00000000      0x715 ./utilities/fsl_debug_console.o
 .debug_line    0x00000715      0x128 ./startup/startup_mkl25z4.o
 .debug_line    0x0000083d      0x2f9 ./src/ADC0.o
 .debug_line    0x00000b36      0x183 ./src/dbfs.o
 .debug_line    0x00000cb9      0x244 ./src/dma.o
 .debug_line    0x00000efd      0x34b ./src/main.o
 .debug_line    0x00001248       0xce ./src/mtb.o
 .debug_line    0x00001316       0x51 ./src/semihost_hardfault.o
 .debug_line    0x00001367      0x41a ./drivers/fsl_adc16.o
 .debug_line    0x00001781      0x9e5 ./drivers/fsl_clock.o
 .debug_line    0x00002166      0x2f9 ./drivers/fsl_common.o
 .debug_line    0x0000245f      0x795 ./drivers/fsl_lpsci.o
 .debug_line    0x00002bf4      0x798 ./drivers/fsl_uart.o
 .debug_line    0x0000338c      0x2c4 ./board/board.o
 .debug_line    0x00003650      0x325 ./board/clock_config.o
 .debug_line    0x00003975      0x2c0 ./board/pin_mux.o
 .debug_line    0x00003c35      0x260 ./CMSIS/system_MKL25Z4.o

.debug_str      0x00000000    0x368a3
 .debug_str     0x00000000    0x313ea ./utilities/fsl_debug_console.o
                              0x316b1 (size before relaxing)
 .debug_str     0x000313ea      0x3e1 ./startup/startup_mkl25z4.o
                               0x311d (size before relaxing)
 .debug_str     0x000317cb      0x972 ./src/ADC0.o
                              0x30dd9 (size before relaxing)
 .debug_str     0x0003213d       0x3b ./src/dbfs.o
                               0x4420 (size before relaxing)
 .debug_str     0x00032178      0x27d ./src/dma.o
                              0x290a3 (size before relaxing)
 .debug_str     0x000323f5     0x10a8 ./src/main.o
                              0x316c3 (size before relaxing)
 .debug_str     0x0003349d      0x52f ./src/mtb.o
                               0x3226 (size before relaxing)
 .debug_str     0x000339cc       0x1c ./src/semihost_hardfault.o
                               0x2d13 (size before relaxing)
 .debug_str     0x000339e8      0x4a2 ./drivers/fsl_adc16.o
                              0x314c2 (size before relaxing)
 .debug_str     0x00033e8a     0x132e ./drivers/fsl_clock.o
                              0x32224 (size before relaxing)
 .debug_str     0x000351b8      0x134 ./drivers/fsl_common.o
                              0x3080b (size before relaxing)
 .debug_str     0x000352ec      0x967 ./drivers/fsl_lpsci.o
                              0x3182c (size before relaxing)
 .debug_str     0x00035c53      0x832 ./drivers/fsl_uart.o
                              0x3184f (size before relaxing)
 .debug_str     0x00036485       0x4c ./board/board.o
                              0x31369 (size before relaxing)
 .debug_str     0x000364d1      0x300 ./board/clock_config.o
                              0x31152 (size before relaxing)
 .debug_str     0x000367d1       0x8b ./board/pin_mux.o
                              0x308b5 (size before relaxing)
 .debug_str     0x0003685c       0x47 ./CMSIS/system_MKL25Z4.o
                              0x2fb8e (size before relaxing)

.comment        0x00000000       0x7f
 .comment       0x00000000       0x7f ./utilities/fsl_debug_console.o
                                 0x80 (size before relaxing)
 .comment       0x0000007f       0x80 ./startup/startup_mkl25z4.o
 .comment       0x0000007f       0x80 ./src/ADC0.o
 .comment       0x0000007f       0x80 ./src/dbfs.o
 .comment       0x0000007f       0x80 ./src/dma.o
 .comment       0x0000007f       0x80 ./src/main.o
 .comment       0x0000007f       0x80 ./src/mtb.o
 .comment       0x0000007f       0x80 ./src/semihost_hardfault.o
 .comment       0x0000007f       0x80 ./drivers/fsl_adc16.o
 .comment       0x0000007f       0x80 ./drivers/fsl_clock.o
 .comment       0x0000007f       0x80 ./drivers/fsl_common.o
 .comment       0x0000007f       0x80 ./drivers/fsl_lpsci.o
 .comment       0x0000007f       0x80 ./drivers/fsl_uart.o
 .comment       0x0000007f       0x80 ./board/board.o
 .comment       0x0000007f       0x80 ./board/clock_config.o
 .comment       0x0000007f       0x80 ./board/pin_mux.o
 .comment       0x0000007f       0x80 ./CMSIS/system_MKL25Z4.o
 .comment       0x0000007f       0x80 c:/nxp/mcuxpressoide_10.3.0_2200/ide/plugins/com.nxp.mcuxpresso.tools.win32_10.3.0.201811011841/tools/bin/../lib/gcc/arm-none-eabi/7.3.1/../../../../arm-none-eabi/lib/thumb/v6-m\libcr_nohost_nf.a(_cr__main.o)
 .comment       0x0000007f       0x80 c:/nxp/mcuxpressoide_10.3.0_2200/ide/plugins/com.nxp.mcuxpresso.tools.win32_10.3.0.201811011841/tools/bin/../lib/gcc/arm-none-eabi/7.3.1/../../../../arm-none-eabi/lib/thumb/v6-m\libcr_c.a(memset.o)
 .comment       0x0000007f       0x80 c:/nxp/mcuxpressoide_10.3.0_2200/ide/plugins/com.nxp.mcuxpresso.tools.win32_10.3.0.201811011841/tools/bin/../lib/gcc/arm-none-eabi/7.3.1/../../../../arm-none-eabi/lib/thumb/v6-m\libcr_c.a(initio.o)
 .comment       0x0000007f       0x80 c:/nxp/mcuxpressoide_10.3.0_2200/ide/plugins/com.nxp.mcuxpresso.tools.win32_10.3.0.201811011841/tools/bin/../lib/gcc/arm-none-eabi/7.3.1/../../../../arm-none-eabi/lib/thumb/v6-m\libcr_c.a(setvbuf.o)
 .comment       0x0000007f       0x80 c:/nxp/mcuxpressoide_10.3.0_2200/ide/plugins/com.nxp.mcuxpresso.tools.win32_10.3.0.201811011841/tools/bin/../lib/gcc/arm-none-eabi/7.3.1/../../../../arm-none-eabi/lib/thumb/v6-m\libcr_c.a(strlen.o)
 .comment       0x0000007f       0x80 c:/nxp/mcuxpressoide_10.3.0_2200/ide/plugins/com.nxp.mcuxpresso.tools.win32_10.3.0.201811011841/tools/bin/../lib/gcc/arm-none-eabi/7.3.1/../../../../arm-none-eabi/lib/thumb/v6-m\libcr_c.a(_fdopen.o)
 .comment       0x0000007f       0x80 c:/nxp/mcuxpressoide_10.3.0_2200/ide/plugins/com.nxp.mcuxpresso.tools.win32_10.3.0.201811011841/tools/bin/../lib/gcc/arm-none-eabi/7.3.1/../../../../arm-none-eabi/lib/thumb/v6-m\libcr_c.a(fclose.o)
 .comment       0x0000007f       0x80 c:/nxp/mcuxpressoide_10.3.0_2200/ide/plugins/com.nxp.mcuxpresso.tools.win32_10.3.0.201811011841/tools/bin/../lib/gcc/arm-none-eabi/7.3.1/../../../../arm-none-eabi/lib/thumb/v6-m\libcr_c.a(fflush.o)
 .comment       0x0000007f       0x80 c:/nxp/mcuxpressoide_10.3.0_2200/ide/plugins/com.nxp.mcuxpresso.tools.win32_10.3.0.201811011841/tools/bin/../lib/gcc/arm-none-eabi/7.3.1/../../../../arm-none-eabi/lib/thumb/v6-m\libcr_c.a(fseek.o)
 .comment       0x0000007f       0x80 c:/nxp/mcuxpressoide_10.3.0_2200/ide/plugins/com.nxp.mcuxpresso.tools.win32_10.3.0.201811011841/tools/bin/../lib/gcc/arm-none-eabi/7.3.1/../../../../arm-none-eabi/lib/thumb/v6-m\libcr_c.a(ftell.o)
 .comment       0x0000007f       0x80 c:/nxp/mcuxpressoide_10.3.0_2200/ide/plugins/com.nxp.mcuxpresso.tools.win32_10.3.0.201811011841/tools/bin/../lib/gcc/arm-none-eabi/7.3.1/../../../../arm-none-eabi/lib/thumb/v6-m\libcr_c.a(remove.o)
 .comment       0x0000007f       0x80 c:/nxp/mcuxpressoide_10.3.0_2200/ide/plugins/com.nxp.mcuxpresso.tools.win32_10.3.0.201811011841/tools/bin/../lib/gcc/arm-none-eabi/7.3.1/../../../../arm-none-eabi/lib/thumb/v6-m\libcr_c.a(_do_fflush.o)
 .comment       0x0000007f       0x80 c:/nxp/mcuxpressoide_10.3.0_2200/ide/plugins/com.nxp.mcuxpresso.tools.win32_10.3.0.201811011841/tools/bin/../lib/gcc/arm-none-eabi/7.3.1/../../../../arm-none-eabi/lib/thumb/v6-m\libcr_c.a(_fflush.o)
 .comment       0x0000007f       0x80 c:/nxp/mcuxpressoide_10.3.0_2200/ide/plugins/com.nxp.mcuxpresso.tools.win32_10.3.0.201811011841/tools/bin/../lib/gcc/arm-none-eabi/7.3.1/../../../../arm-none-eabi/lib/thumb/v6-m\libcr_c.a(_writebuf.o)
 .comment       0x0000007f       0x80 c:/nxp/mcuxpressoide_10.3.0_2200/ide/plugins/com.nxp.mcuxpresso.tools.win32_10.3.0.201811011841/tools/bin/../lib/gcc/arm-none-eabi/7.3.1/../../../../arm-none-eabi/lib/thumb/v6-m\libcr_c.a(alloc.o)
 .comment       0x0000007f       0x80 c:/nxp/mcuxpressoide_10.3.0_2200/ide/plugins/com.nxp.mcuxpresso.tools.win32_10.3.0.201811011841/tools/bin/../lib/gcc/arm-none-eabi/7.3.1/../../../../arm-none-eabi/lib/thumb/v6-m\libcr_c.a(errno.o)
 .comment       0x0000007f       0x80 c:/nxp/mcuxpressoide_10.3.0_2200/ide/plugins/com.nxp.mcuxpresso.tools.win32_10.3.0.201811011841/tools/bin/../lib/gcc/arm-none-eabi/7.3.1/../../../../arm-none-eabi/lib/thumb/v6-m\libcr_c.a(_deferredlazyseek.o)
 .comment       0x0000007f       0x80 c:/nxp/mcuxpressoide_10.3.0_2200/ide/plugins/com.nxp.mcuxpresso.tools.win32_10.3.0.201811011841/tools/bin/../lib/gcc/arm-none-eabi/7.3.1/../../../../arm-none-eabi/lib/thumb/v6-m\libcr_nohost_nf.a(__ciob.o)
 .comment       0x0000007f       0x80 c:/nxp/mcuxpressoide_10.3.0_2200/ide/plugins/com.nxp.mcuxpresso.tools.win32_10.3.0.201811011841/tools/bin/../lib/gcc/arm-none-eabi/7.3.1/../../../../arm-none-eabi/lib/thumb/v6-m\libcr_nohost_nf.a(__sys_close.o)
 .comment       0x0000007f       0x80 c:/nxp/mcuxpressoide_10.3.0_2200/ide/plugins/com.nxp.mcuxpresso.tools.win32_10.3.0.201811011841/tools/bin/../lib/gcc/arm-none-eabi/7.3.1/../../../../arm-none-eabi/lib/thumb/v6-m\libcr_nohost_nf.a(__sys_flen.o)
 .comment       0x0000007f       0x80 c:/nxp/mcuxpressoide_10.3.0_2200/ide/plugins/com.nxp.mcuxpresso.tools.win32_10.3.0.201811011841/tools/bin/../lib/gcc/arm-none-eabi/7.3.1/../../../../arm-none-eabi/lib/thumb/v6-m\libcr_nohost_nf.a(__sys_istty.o)
 .comment       0x0000007f       0x80 c:/nxp/mcuxpressoide_10.3.0_2200/ide/plugins/com.nxp.mcuxpresso.tools.win32_10.3.0.201811011841/tools/bin/../lib/gcc/arm-none-eabi/7.3.1/../../../../arm-none-eabi/lib/thumb/v6-m\libcr_nohost_nf.a(__sys_remove.o)
 .comment       0x0000007f       0x80 c:/nxp/mcuxpressoide_10.3.0_2200/ide/plugins/com.nxp.mcuxpresso.tools.win32_10.3.0.201811011841/tools/bin/../lib/gcc/arm-none-eabi/7.3.1/../../../../arm-none-eabi/lib/thumb/v6-m\libcr_nohost_nf.a(__sys_seek.o)
 .comment       0x0000007f       0x80 c:/nxp/mcuxpressoide_10.3.0_2200/ide/plugins/com.nxp.mcuxpresso.tools.win32_10.3.0.201811011841/tools/bin/../lib/gcc/arm-none-eabi/7.3.1/../../../../arm-none-eabi/lib/thumb/v6-m\libcr_nohost_nf.a(__sys_tmpnam.o)
 .comment       0x0000007f       0x80 c:/nxp/mcuxpressoide_10.3.0_2200/ide/plugins/com.nxp.mcuxpresso.tools.win32_10.3.0.201811011841/tools/bin/../lib/gcc/arm-none-eabi/7.3.1/../../../../arm-none-eabi/lib/thumb/v6-m\libcr_nohost_nf.a(__sys_write.o)

.ARM.attributes
                0x00000000       0x30
 .ARM.attributes
                0x00000000       0x32 ./utilities/fsl_debug_console.o
 .ARM.attributes
                0x00000032       0x32 ./startup/startup_mkl25z4.o
 .ARM.attributes
                0x00000064       0x32 ./src/ADC0.o
 .ARM.attributes
                0x00000096       0x32 ./src/dbfs.o
 .ARM.attributes
                0x000000c8       0x32 ./src/dma.o
 .ARM.attributes
                0x000000fa       0x32 ./src/main.o
 .ARM.attributes
                0x0000012c       0x32 ./src/mtb.o
 .ARM.attributes
                0x0000015e       0x32 ./src/semihost_hardfault.o
 .ARM.attributes
                0x00000190       0x32 ./drivers/fsl_adc16.o
 .ARM.attributes
                0x000001c2       0x32 ./drivers/fsl_clock.o
 .ARM.attributes
                0x000001f4       0x32 ./drivers/fsl_common.o
 .ARM.attributes
                0x00000226       0x32 ./drivers/fsl_lpsci.o
 .ARM.attributes
                0x00000258       0x32 ./drivers/fsl_uart.o
 .ARM.attributes
                0x0000028a       0x32 ./board/board.o
 .ARM.attributes
                0x000002bc       0x32 ./board/clock_config.o
 .ARM.attributes
                0x000002ee       0x32 ./board/pin_mux.o
 .ARM.attributes
                0x00000320       0x32 ./CMSIS/system_MKL25Z4.o
 .ARM.attributes
                0x00000352       0x31 c:/nxp/mcuxpressoide_10.3.0_2200/ide/plugins/com.nxp.mcuxpresso.tools.win32_10.3.0.201811011841/tools/bin/../lib/gcc/arm-none-eabi/7.3.1/../../../../arm-none-eabi/lib/thumb/v6-m\libcr_nohost_nf.a(_cr__main.o)
 .ARM.attributes
                0x00000383       0x31 c:/nxp/mcuxpressoide_10.3.0_2200/ide/plugins/com.nxp.mcuxpresso.tools.win32_10.3.0.201811011841/tools/bin/../lib/gcc/arm-none-eabi/7.3.1/../../../../arm-none-eabi/lib/thumb/v6-m\libcr_c.a(memset.o)
 .ARM.attributes
                0x000003b4       0x31 c:/nxp/mcuxpressoide_10.3.0_2200/ide/plugins/com.nxp.mcuxpresso.tools.win32_10.3.0.201811011841/tools/bin/../lib/gcc/arm-none-eabi/7.3.1/../../../../arm-none-eabi/lib/thumb/v6-m\libcr_c.a(initio.o)
 .ARM.attributes
                0x000003e5       0x31 c:/nxp/mcuxpressoide_10.3.0_2200/ide/plugins/com.nxp.mcuxpresso.tools.win32_10.3.0.201811011841/tools/bin/../lib/gcc/arm-none-eabi/7.3.1/../../../../arm-none-eabi/lib/thumb/v6-m\libcr_c.a(setvbuf.o)
 .ARM.attributes
                0x00000416       0x31 c:/nxp/mcuxpressoide_10.3.0_2200/ide/plugins/com.nxp.mcuxpresso.tools.win32_10.3.0.201811011841/tools/bin/../lib/gcc/arm-none-eabi/7.3.1/../../../../arm-none-eabi/lib/thumb/v6-m\libcr_c.a(strlen.o)
 .ARM.attributes
                0x00000447       0x31 c:/nxp/mcuxpressoide_10.3.0_2200/ide/plugins/com.nxp.mcuxpresso.tools.win32_10.3.0.201811011841/tools/bin/../lib/gcc/arm-none-eabi/7.3.1/../../../../arm-none-eabi/lib/thumb/v6-m\libcr_c.a(_fdopen.o)
 .ARM.attributes
                0x00000478       0x31 c:/nxp/mcuxpressoide_10.3.0_2200/ide/plugins/com.nxp.mcuxpresso.tools.win32_10.3.0.201811011841/tools/bin/../lib/gcc/arm-none-eabi/7.3.1/../../../../arm-none-eabi/lib/thumb/v6-m\libcr_c.a(fclose.o)
 .ARM.attributes
                0x000004a9       0x31 c:/nxp/mcuxpressoide_10.3.0_2200/ide/plugins/com.nxp.mcuxpresso.tools.win32_10.3.0.201811011841/tools/bin/../lib/gcc/arm-none-eabi/7.3.1/../../../../arm-none-eabi/lib/thumb/v6-m\libcr_c.a(fflush.o)
 .ARM.attributes
                0x000004da       0x31 c:/nxp/mcuxpressoide_10.3.0_2200/ide/plugins/com.nxp.mcuxpresso.tools.win32_10.3.0.201811011841/tools/bin/../lib/gcc/arm-none-eabi/7.3.1/../../../../arm-none-eabi/lib/thumb/v6-m\libcr_c.a(fseek.o)
 .ARM.attributes
                0x0000050b       0x31 c:/nxp/mcuxpressoide_10.3.0_2200/ide/plugins/com.nxp.mcuxpresso.tools.win32_10.3.0.201811011841/tools/bin/../lib/gcc/arm-none-eabi/7.3.1/../../../../arm-none-eabi/lib/thumb/v6-m\libcr_c.a(ftell.o)
 .ARM.attributes
                0x0000053c       0x31 c:/nxp/mcuxpressoide_10.3.0_2200/ide/plugins/com.nxp.mcuxpresso.tools.win32_10.3.0.201811011841/tools/bin/../lib/gcc/arm-none-eabi/7.3.1/../../../../arm-none-eabi/lib/thumb/v6-m\libcr_c.a(remove.o)
 .ARM.attributes
                0x0000056d       0x31 c:/nxp/mcuxpressoide_10.3.0_2200/ide/plugins/com.nxp.mcuxpresso.tools.win32_10.3.0.201811011841/tools/bin/../lib/gcc/arm-none-eabi/7.3.1/../../../../arm-none-eabi/lib/thumb/v6-m\libcr_c.a(_do_fflush.o)
 .ARM.attributes
                0x0000059e       0x31 c:/nxp/mcuxpressoide_10.3.0_2200/ide/plugins/com.nxp.mcuxpresso.tools.win32_10.3.0.201811011841/tools/bin/../lib/gcc/arm-none-eabi/7.3.1/../../../../arm-none-eabi/lib/thumb/v6-m\libcr_c.a(_fflush.o)
 .ARM.attributes
                0x000005cf       0x31 c:/nxp/mcuxpressoide_10.3.0_2200/ide/plugins/com.nxp.mcuxpresso.tools.win32_10.3.0.201811011841/tools/bin/../lib/gcc/arm-none-eabi/7.3.1/../../../../arm-none-eabi/lib/thumb/v6-m\libcr_c.a(_writebuf.o)
 .ARM.attributes
                0x00000600       0x31 c:/nxp/mcuxpressoide_10.3.0_2200/ide/plugins/com.nxp.mcuxpresso.tools.win32_10.3.0.201811011841/tools/bin/../lib/gcc/arm-none-eabi/7.3.1/../../../../arm-none-eabi/lib/thumb/v6-m\libcr_c.a(alloc.o)
 .ARM.attributes
                0x00000631       0x31 c:/nxp/mcuxpressoide_10.3.0_2200/ide/plugins/com.nxp.mcuxpresso.tools.win32_10.3.0.201811011841/tools/bin/../lib/gcc/arm-none-eabi/7.3.1/../../../../arm-none-eabi/lib/thumb/v6-m\libcr_c.a(errno.o)
 .ARM.attributes
                0x00000662       0x31 c:/nxp/mcuxpressoide_10.3.0_2200/ide/plugins/com.nxp.mcuxpresso.tools.win32_10.3.0.201811011841/tools/bin/../lib/gcc/arm-none-eabi/7.3.1/../../../../arm-none-eabi/lib/thumb/v6-m\libcr_c.a(_deferredlazyseek.o)
 .ARM.attributes
                0x00000693       0x21 c:/nxp/mcuxpressoide_10.3.0_2200/ide/plugins/com.nxp.mcuxpresso.tools.win32_10.3.0.201811011841/tools/bin/../lib/gcc/arm-none-eabi/7.3.1/thumb/v6-m\libcr_eabihelpers.a(division_32.o)
 .ARM.attributes
                0x000006b4       0x21 c:/nxp/mcuxpressoide_10.3.0_2200/ide/plugins/com.nxp.mcuxpresso.tools.win32_10.3.0.201811011841/tools/bin/../lib/gcc/arm-none-eabi/7.3.1/thumb/v6-m\libcr_eabihelpers.a(division_idiv0.o)
 .ARM.attributes
                0x000006d5       0x21 c:/nxp/mcuxpressoide_10.3.0_2200/ide/plugins/com.nxp.mcuxpresso.tools.win32_10.3.0.201811011841/tools/bin/../lib/gcc/arm-none-eabi/7.3.1/thumb/v6-m\libcr_eabihelpers.a(memcpy.o)
 .ARM.attributes
                0x000006f6       0x31 c:/nxp/mcuxpressoide_10.3.0_2200/ide/plugins/com.nxp.mcuxpresso.tools.win32_10.3.0.201811011841/tools/bin/../lib/gcc/arm-none-eabi/7.3.1/../../../../arm-none-eabi/lib/thumb/v6-m\libcr_nohost_nf.a(__ciob.o)
 .ARM.attributes
                0x00000727       0x31 c:/nxp/mcuxpressoide_10.3.0_2200/ide/plugins/com.nxp.mcuxpresso.tools.win32_10.3.0.201811011841/tools/bin/../lib/gcc/arm-none-eabi/7.3.1/../../../../arm-none-eabi/lib/thumb/v6-m\libcr_nohost_nf.a(__sys_close.o)
 .ARM.attributes
                0x00000758       0x31 c:/nxp/mcuxpressoide_10.3.0_2200/ide/plugins/com.nxp.mcuxpresso.tools.win32_10.3.0.201811011841/tools/bin/../lib/gcc/arm-none-eabi/7.3.1/../../../../arm-none-eabi/lib/thumb/v6-m\libcr_nohost_nf.a(__sys_flen.o)
 .ARM.attributes
                0x00000789       0x31 c:/nxp/mcuxpressoide_10.3.0_2200/ide/plugins/com.nxp.mcuxpresso.tools.win32_10.3.0.201811011841/tools/bin/../lib/gcc/arm-none-eabi/7.3.1/../../../../arm-none-eabi/lib/thumb/v6-m\libcr_nohost_nf.a(__sys_istty.o)
 .ARM.attributes
                0x000007ba       0x31 c:/nxp/mcuxpressoide_10.3.0_2200/ide/plugins/com.nxp.mcuxpresso.tools.win32_10.3.0.201811011841/tools/bin/../lib/gcc/arm-none-eabi/7.3.1/../../../../arm-none-eabi/lib/thumb/v6-m\libcr_nohost_nf.a(__sys_remove.o)
 .ARM.attributes
                0x000007eb       0x31 c:/nxp/mcuxpressoide_10.3.0_2200/ide/plugins/com.nxp.mcuxpresso.tools.win32_10.3.0.201811011841/tools/bin/../lib/gcc/arm-none-eabi/7.3.1/../../../../arm-none-eabi/lib/thumb/v6-m\libcr_nohost_nf.a(__sys_seek.o)
 .ARM.attributes
                0x0000081c       0x31 c:/nxp/mcuxpressoide_10.3.0_2200/ide/plugins/com.nxp.mcuxpresso.tools.win32_10.3.0.201811011841/tools/bin/../lib/gcc/arm-none-eabi/7.3.1/../../../../arm-none-eabi/lib/thumb/v6-m\libcr_nohost_nf.a(__sys_tmpnam.o)
 .ARM.attributes
                0x0000084d       0x31 c:/nxp/mcuxpressoide_10.3.0_2200/ide/plugins/com.nxp.mcuxpresso.tools.win32_10.3.0.201811011841/tools/bin/../lib/gcc/arm-none-eabi/7.3.1/../../../../arm-none-eabi/lib/thumb/v6-m\libcr_nohost_nf.a(__sys_write.o)

.debug_frame    0x00000000     0x1b18
 .debug_frame   0x00000000      0x1f0 ./utilities/fsl_debug_console.o
 .debug_frame   0x000001f0      0x3b0 ./startup/startup_mkl25z4.o
 .debug_frame   0x000005a0       0xac ./src/ADC0.o
 .debug_frame   0x0000064c       0x30 ./src/dbfs.o
 .debug_frame   0x0000067c       0x68 ./src/dma.o
 .debug_frame   0x000006e4       0x30 ./src/main.o
 .debug_frame   0x00000714       0x20 ./src/semihost_hardfault.o
 .debug_frame   0x00000734      0x1d0 ./drivers/fsl_adc16.o
 .debug_frame   0x00000904      0x6e0 ./drivers/fsl_clock.o
 .debug_frame   0x00000fe4       0x90 ./drivers/fsl_common.o
 .debug_frame   0x00001074      0x418 ./drivers/fsl_lpsci.o
 .debug_frame   0x0000148c      0x468 ./drivers/fsl_uart.o
 .debug_frame   0x000018f4       0x50 ./board/board.o
 .debug_frame   0x00001944      0x100 ./board/clock_config.o
 .debug_frame   0x00001a44       0x88 ./board/pin_mux.o
 .debug_frame   0x00001acc       0x4c ./CMSIS/system_MKL25Z4.o
